// Jest Snapshot v1, https://goo.gl/fbAQLP

exports[`Testing <TodoList/> should render correctly 1`] = `"received is not a function"`;
