// Jest Snapshot v1, https://goo.gl/fbAQLP

exports[`Testing <HomeScreen /> should render correctly 1`] = `
<div>
  <h1>
    Home screen
  </h1>
  <hr />
  <pre>
    {
   "name": "Fernando",
   "email": "fernando@gmail.com"
}
  </pre>
</div>
`;
